getaddrinfo:  No address associated with hostname
Error in packet
Reason: (noSuchName) There is no such variable name in this MIB.
Failed object: SNMPv2-MIB::sysName

