SNMPv2-MIB::sysDescr.0 = STRING: System Description
