SNMPv2-MIB::system.13.0 = Timeticks: (4290535758) 496 days, 14:09:17.58
