IF-MIB::ifIndex.1 = INTEGER: 1
ated with hostname
