IF-MIB::ifNumber.0 = INTEGER: 3
ted with hostname
