DISMAN-EVENT-MIB::sysUpTimeInstance = Timeticks: (1234) 0:00:12.34
