SNMPv2-MIB::system.11.0 = STRING: "Pointer to a string"
in packet
Reason: (noSuchName) There is no such variable name in this MIB.
Failed object: iso.4

