getaddrinfo:  No address associated with hostname
Error in packet
Reason: (tooBig) Response message would have been too large.
