SNMPv2-SMI::mib-2.1234.2.0 = Gauge32: 0
 hostname
